../Core/Src/main.c:72:5:main	16	static
../Core/Src/main.c:177:6:SystemClock_Config	88	static
../Core/Src/main.c:223:13:MX_USART2_UART_Init	8	static
../Core/Src/main.c:256:13:MX_GPIO_Init	56	static
../Core/Src/main.c:380:6:display_menu	24	static
../Core/Src/main.c:392:6:display_init_screen	16	static
../Core/Src/main.c:403:6:get_options	16	static
../Core/Src/main.c:419:6:post_reply	16	static
../Core/Src/main.c:425:7:get_reply	16	static
../Core/Src/main.c:445:6:HAL_UART_RxCpltCallback	16	static
../Core/Src/main.c:458:6:Error_Handler	4	static,ignoring_inline_asm
